Traceback (most recent call last):
  File "/home/ryan/miniconda3/envs/jupbook01/lib/python3.11/site-packages/jupyter_cache/executors/utils.py", line 58, in single_nb_execution
    executenb(
  File "/home/ryan/miniconda3/envs/jupbook01/lib/python3.11/site-packages/nbclient/client.py", line 1323, in execute
    return NotebookClient(nb=nb, resources=resources, km=km, **kwargs).execute()
           ^^^^^^^^^^^^^^^^^^^^^^^^^^^^^^^^^^^^^^^^^^^^^^^^^^^^^^^^^^^^^^^^^^^^^
  File "/home/ryan/miniconda3/envs/jupbook01/lib/python3.11/site-packages/jupyter_core/utils/__init__.py", line 165, in wrapped
    return loop.run_until_complete(inner)
           ^^^^^^^^^^^^^^^^^^^^^^^^^^^^^^
  File "/home/ryan/miniconda3/envs/jupbook01/lib/python3.11/asyncio/base_events.py", line 654, in run_until_complete
    return future.result()
           ^^^^^^^^^^^^^^^
  File "/home/ryan/miniconda3/envs/jupbook01/lib/python3.11/site-packages/nbclient/client.py", line 709, in async_execute
    await self.async_execute_cell(
  File "/home/ryan/miniconda3/envs/jupbook01/lib/python3.11/site-packages/nbclient/client.py", line 1062, in async_execute_cell
    await self._check_raise_for_error(cell, cell_index, exec_reply)
  File "/home/ryan/miniconda3/envs/jupbook01/lib/python3.11/site-packages/nbclient/client.py", line 918, in _check_raise_for_error
    raise CellExecutionError.from_cell_and_msg(cell, exec_reply_content)
nbclient.exceptions.CellExecutionError: An error occurred while executing the following cell:
------------------
double=np.array([pi],dtype='float64')
double_operated=double
for i in range(0,10):
    double_operated=double_operated*(i+1)*1.0e-16
    double_operated=double_operated*1/(i+1)*1.0e16
print(' 0 operations 64 bit pi = %1.26f\n'%double) # 64-bit
print('20 operations 64 bit pi = %1.26f\n'%double_operated) # 64-bit after 1000 additions and 1 subtraction
print('First 26 digits of pi   = 3.14159265358979323846264338')
------------------


[31m---------------------------------------------------------------------------[39m
[31mTypeError[39m                                 Traceback (most recent call last)
[36mCell[39m[36m [39m[32mIn[10][39m[32m, line 6[39m
[32m      4[39m     double_operated=double_operated*(i+[32m1[39m)*[32m1.0e-16[39m
[32m      5[39m     double_operated=double_operated*[32m1[39m/(i+[32m1[39m)*[32m1.0e16[39m
[32m----> [39m[32m6[39m [38;5;28mprint[39m([33;43m'[39;49m[33;43m 0 operations 64 bit pi = [39;49m[38;5;132;43;01m%1.26f[39;49;00m[38;5;130;43;01m\n[39;49;00m[33;43m'[39;49m[43m%[49m[43mdouble[49m) [38;5;66;03m# 64-bit[39;00m
[32m      7[39m [38;5;28mprint[39m([33m'[39m[33m20 operations 64 bit pi = [39m[38;5;132;01m%1.26f[39;00m[38;5;130;01m\n[39;00m[33m'[39m%double_operated) [38;5;66;03m# 64-bit after 1000 additions and 1 subtraction[39;00m
[32m      8[39m [38;5;28mprint[39m([33m'[39m[33mFirst 26 digits of pi   = 3.14159265358979323846264338[39m[33m'[39m)

[31mTypeError[39m: only 0-dimensional arrays can be converted to Python scalars

