Traceback (most recent call last):
  File "/home/ryan/miniconda3/envs/jupbook01/lib/python3.11/site-packages/jupyter_cache/executors/utils.py", line 58, in single_nb_execution
    executenb(
  File "/home/ryan/miniconda3/envs/jupbook01/lib/python3.11/site-packages/nbclient/client.py", line 1323, in execute
    return NotebookClient(nb=nb, resources=resources, km=km, **kwargs).execute()
           ^^^^^^^^^^^^^^^^^^^^^^^^^^^^^^^^^^^^^^^^^^^^^^^^^^^^^^^^^^^^^^^^^^^^^
  File "/home/ryan/miniconda3/envs/jupbook01/lib/python3.11/site-packages/jupyter_core/utils/__init__.py", line 165, in wrapped
    return loop.run_until_complete(inner)
           ^^^^^^^^^^^^^^^^^^^^^^^^^^^^^^
  File "/home/ryan/miniconda3/envs/jupbook01/lib/python3.11/asyncio/base_events.py", line 654, in run_until_complete
    return future.result()
           ^^^^^^^^^^^^^^^
  File "/home/ryan/miniconda3/envs/jupbook01/lib/python3.11/site-packages/nbclient/client.py", line 709, in async_execute
    await self.async_execute_cell(
  File "/home/ryan/miniconda3/envs/jupbook01/lib/python3.11/site-packages/nbclient/client.py", line 1062, in async_execute_cell
    await self._check_raise_for_error(cell, cell_index, exec_reply)
  File "/home/ryan/miniconda3/envs/jupbook01/lib/python3.11/site-packages/nbclient/client.py", line 918, in _check_raise_for_error
    raise CellExecutionError.from_cell_and_msg(cell, exec_reply_content)
nbclient.exceptions.CellExecutionError: An error occurred while executing the following cell:
------------------
test_pi=np.zeros(10)
for i in range(0,10):
    test_pi[i]=montecarlopi(1000);

print('mean value for pi = %f'%np.mean(test_pi))
print('standard deviation is %f'%np.std(test_pi))
print('actual pi is %f'%np.pi)
------------------


[31m---------------------------------------------------------------------------[39m
[31mTypeError[39m                                 Traceback (most recent call last)
[36mCell[39m[36m [39m[32mIn[6][39m[32m, line 3[39m
[32m      1[39m test_pi=np.zeros([32m10[39m)
[32m      2[39m [38;5;28;01mfor[39;00m i [38;5;129;01min[39;00m [38;5;28mrange[39m([32m0[39m,[32m10[39m):
[32m----> [39m[32m3[39m     test_pi[i]=[43mmontecarlopi[49m[43m([49m[32;43m1000[39;49m[43m)[49m;
[32m      5[39m [38;5;28mprint[39m([33m'[39m[33mmean value for pi = [39m[38;5;132;01m%f[39;00m[33m'[39m%np.mean(test_pi))
[32m      6[39m [38;5;28mprint[39m([33m'[39m[33mstandard deviation is [39m[38;5;132;01m%f[39;00m[33m'[39m%np.std(test_pi))

[36mCell[39m[36m [39m[32mIn[5][39m[32m, line 15[39m, in [36mmontecarlopi[39m[34m(N)[39m
[32m      1[39m [38;5;28;01mdef[39;00m[38;5;250m [39m[34mmontecarlopi[39m(N):
[32m      2[39m [38;5;250m    [39m[33;03m'''Create random x-y-coordinates to and use ratio of circle-to-square to [39;00m
[32m      3[39m [33;03m    calculate the value of pi[39;00m
[32m      4[39m [33;03m    i.e. Acircle/Asquare = pi/4[39;00m
[32m   (...)[39m[32m     11[39m [33;03m    our_pi: the best prediction of pi using N points[39;00m
[32m     12[39m [33;03m    '''[39;00m
[32m---> [39m[32m15[39m     x = [43mrng[49m[43m.[49m[43mrandom[49m[43m([49m[43mN[49m[43m,[49m[32;43m1[39;49m[43m)[49m;
[32m     16[39m     y = rng.random(N,[32m1[39m);
[32m     17[39m     R=np.sqrt(x**[32m2[39m+y**[32m2[39m); [38;5;66;03m# compute radius[39;00m

[36mFile [39m[32mnumpy/random/_generator.pyx:353[39m, in [36mnumpy.random._generator.Generator.random[39m[34m()[39m

[31mTypeError[39m: Cannot interpret '1' as a data type

